0 verbose cli C:\Program Files\nodejs\node.exe C:\Program Files\nodejs\node_modules\npm\bin\npm-cli.js
1 info using npm@11.6.1
2 info using node@v24.11.0
3 silly config load:file:C:\Program Files\nodejs\node_modules\npm\npmrc
4 silly config load:file:C:\PyTorch_Project\VisionProject\frontend\.npmrc
5 silly config load:file:C:\Users\30781\.npmrc
6 silly config load:file:C:\Program Files\nodeJs\node_global\etc\npmrc
7 verbose title npm install
8 verbose argv "install" "--cache" ".\\.npm-cache"
9 verbose logfile logs-max:10 dir:C:\PyTorch_Project\VisionProject\frontend\.npm-cache\_logs\2026-05-25T13_05_54_038Z-
10 verbose logfile C:\PyTorch_Project\VisionProject\frontend\.npm-cache\_logs\2026-05-25T13_05_54_038Z-debug-0.log
11 silly logfile done cleaning log files
12 silly packumentCache heap:4496293888 maxSize:1124073472 maxEntrySize:562036736
13 silly idealTree buildDeps
14 silly fetch manifest axios@^1.7.7
15 silly packumentCache full:http://registry.npm.taobao.org/axios cache-miss
16 verbose shrinkwrap failed to load node_modules/.package-lock.json out of date, updated: node_modules
17 http fetch GET 200 https://registry.npmmirror.com/axios 4530ms (cache miss)
18 silly packumentCache full:http://registry.npm.taobao.org/axios set size:132766 disposed:false
19 silly placeDep ROOT axios@1.16.1 OK for: smart-intersection-frontend@0.1.0 want: ^1.7.7
20 silly fetch manifest follow-redirects@^1.16.0
21 silly packumentCache full:http://registry.npm.taobao.org/follow-redirects cache-miss
22 silly fetch manifest form-data@^4.0.5
23 silly packumentCache full:http://registry.npm.taobao.org/form-data cache-miss
24 silly fetch manifest https-proxy-agent@^5.0.1
25 silly packumentCache full:http://registry.npm.taobao.org/https-proxy-agent cache-miss
26 silly fetch manifest proxy-from-env@^2.1.0
27 silly packumentCache full:http://registry.npm.taobao.org/proxy-from-env cache-miss
28 http fetch GET 200 https://registry.npmmirror.com/follow-redirects 297ms (cache miss)
29 silly packumentCache full:http://registry.npm.taobao.org/follow-redirects set size:30122 disposed:false
30 http fetch GET 200 https://registry.npmmirror.com/form-data 432ms (cache miss)
31 silly packumentCache full:http://registry.npm.taobao.org/form-data set size:25145 disposed:false
32 http fetch GET 200 https://registry.npmmirror.com/https-proxy-agent 549ms (cache miss)
33 silly packumentCache full:http://registry.npm.taobao.org/https-proxy-agent set size:15916 disposed:false
34 http fetch GET 200 https://registry.npmmirror.com/proxy-from-env 2169ms (cache miss)
35 silly packumentCache full:http://registry.npm.taobao.org/proxy-from-env set size:6518 disposed:false
36 silly placeDep ROOT follow-redirects@1.16.0 OK for: axios@1.16.1 want: ^1.16.0
37 silly placeDep ROOT form-data@4.0.5 OK for: axios@1.16.1 want: ^4.0.5
38 silly placeDep ROOT https-proxy-agent@5.0.1 OK for: axios@1.16.1 want: ^5.0.1
39 silly placeDep ROOT proxy-from-env@2.1.0 OK for: axios@1.16.1 want: ^2.1.0
40 silly fetch manifest asynckit@^0.4.0
41 silly packumentCache full:http://registry.npm.taobao.org/asynckit cache-miss
42 silly fetch manifest combined-stream@^1.0.8
43 silly packumentCache full:http://registry.npm.taobao.org/combined-stream cache-miss
44 silly fetch manifest es-set-tostringtag@^2.1.0
45 silly packumentCache full:http://registry.npm.taobao.org/es-set-tostringtag cache-miss
46 silly fetch manifest mime-types@^2.1.12
47 silly packumentCache full:http://registry.npm.taobao.org/mime-types cache-miss
48 silly fetch manifest agent-base@6
49 silly packumentCache full:http://registry.npm.taobao.org/agent-base cache-miss
50 silly fetch manifest debug@4
51 silly packumentCache full:http://registry.npm.taobao.org/debug cache-miss
52 http fetch GET 200 https://registry.npmmirror.com/combined-stream 125ms (cache miss)
53 silly packumentCache full:http://registry.npm.taobao.org/combined-stream set size:7154 disposed:false
54 http fetch GET 200 https://registry.npmmirror.com/es-set-tostringtag 142ms (cache miss)
55 silly packumentCache full:http://registry.npm.taobao.org/es-set-tostringtag set size:6558 disposed:false
56 http fetch GET 200 https://registry.npmmirror.com/mime-types 144ms (cache miss)
57 silly packumentCache full:http://registry.npm.taobao.org/mime-types set size:21356 disposed:false
58 http fetch GET 200 https://registry.npmmirror.com/asynckit 146ms (cache miss)
59 silly packumentCache full:http://registry.npm.taobao.org/asynckit set size:4942 disposed:false
60 http fetch GET 200 https://registry.npmmirror.com/debug 223ms (cache miss)
61 silly packumentCache full:http://registry.npm.taobao.org/debug set size:32036 disposed:false
62 http fetch GET 200 https://registry.npmmirror.com/agent-base 989ms (cache miss)
63 silly packumentCache full:http://registry.npm.taobao.org/agent-base set size:13928 disposed:false
64 silly placeDep ROOT asynckit@0.4.0 OK for: form-data@4.0.5 want: ^0.4.0
65 silly placeDep ROOT combined-stream@1.0.8 OK for: form-data@4.0.5 want: ^1.0.8
66 silly placeDep ROOT es-set-tostringtag@2.1.0 OK for: form-data@4.0.5 want: ^2.1.0
67 silly placeDep ROOT mime-types@2.1.35 OK for: form-data@4.0.5 want: ^2.1.12
68 silly fetch manifest delayed-stream@~1.0.0
69 silly packumentCache full:http://registry.npm.taobao.org/delayed-stream cache-miss
70 silly fetch manifest get-intrinsic@^1.2.6
71 silly packumentCache full:http://registry.npm.taobao.org/get-intrinsic cache-miss
72 silly fetch manifest has-tostringtag@^1.0.2
73 silly packumentCache full:http://registry.npm.taobao.org/has-tostringtag cache-miss
74 silly fetch manifest mime-db@1.52.0
75 silly packumentCache full:http://registry.npm.taobao.org/mime-db cache-miss
76 http fetch GET 200 https://registry.npmmirror.com/mime-db 131ms (cache miss)
77 silly packumentCache full:http://registry.npm.taobao.org/mime-db set size:24206 disposed:false
78 http fetch GET 200 https://registry.npmmirror.com/delayed-stream 136ms (cache miss)
79 silly packumentCache full:http://registry.npm.taobao.org/delayed-stream set size:4333 disposed:false
80 http fetch GET 200 https://registry.npmmirror.com/has-tostringtag 144ms (cache miss)
81 silly packumentCache full:http://registry.npm.taobao.org/has-tostringtag set size:3448 disposed:false
82 http fetch GET 200 https://registry.npmmirror.com/get-intrinsic 223ms (cache miss)
83 silly packumentCache full:http://registry.npm.taobao.org/get-intrinsic set size:11575 disposed:false
84 silly placeDep ROOT delayed-stream@1.0.0 OK for: combined-stream@1.0.8 want: ~1.0.0
85 silly placeDep ROOT get-intrinsic@1.3.0 OK for: es-set-tostringtag@2.1.0 want: ^1.2.6
86 silly placeDep ROOT has-tostringtag@1.0.2 OK for: es-set-tostringtag@2.1.0 want: ^1.0.2
87 silly fetch manifest call-bind-apply-helpers@^1.0.2
88 silly packumentCache full:http://registry.npm.taobao.org/call-bind-apply-helpers cache-miss
89 silly fetch manifest es-define-property@^1.0.1
90 silly packumentCache full:http://registry.npm.taobao.org/es-define-property cache-miss
91 silly fetch manifest es-object-atoms@^1.1.1
92 silly packumentCache full:http://registry.npm.taobao.org/es-object-atoms cache-miss
93 silly fetch manifest get-proto@^1.0.1
94 silly packumentCache full:http://registry.npm.taobao.org/get-proto cache-miss
95 silly fetch manifest gopd@^1.2.0
96 silly packumentCache full:http://registry.npm.taobao.org/gopd cache-miss
97 silly fetch manifest has-symbols@^1.1.0
98 silly packumentCache full:http://registry.npm.taobao.org/has-symbols cache-miss
99 silly fetch manifest math-intrinsics@^1.1.0
100 silly packumentCache full:http://registry.npm.taobao.org/math-intrinsics cache-miss
101 silly fetch manifest has-symbols@^1.0.3
102 silly packumentCache full:http://registry.npm.taobao.org/has-symbols cache-miss
103 http fetch GET 200 https://registry.npmmirror.com/get-proto 114ms (cache miss)
104 silly packumentCache full:http://registry.npm.taobao.org/get-proto set size:2799 disposed:false
105 http fetch GET 200 https://registry.npmmirror.com/call-bind-apply-helpers 123ms (cache miss)
106 silly packumentCache full:http://registry.npm.taobao.org/call-bind-apply-helpers set size:3532 disposed:false
107 http fetch GET 200 https://registry.npmmirror.com/has-symbols 128ms (cache miss)
108 silly packumentCache full:http://registry.npm.taobao.org/has-symbols set size:5325 disposed:false
109 http fetch GET 200 https://registry.npmmirror.com/es-object-atoms 139ms (cache miss)
110 silly packumentCache full:http://registry.npm.taobao.org/es-object-atoms set size:4324 disposed:false
111 http fetch GET 200 https://registry.npmmirror.com/es-define-property 234ms (cache miss)
112 silly packumentCache full:http://registry.npm.taobao.org/es-define-property set size:2896 disposed:false
113 http fetch GET 200 https://registry.npmmirror.com/math-intrinsics 321ms (cache miss)
114 silly packumentCache full:http://registry.npm.taobao.org/math-intrinsics set size:3012 disposed:false
115 http fetch GET 200 https://registry.npmmirror.com/gopd 459ms (cache miss)
116 silly packumentCache full:http://registry.npm.taobao.org/gopd set size:3962 disposed:false
117 http fetch GET 200 https://registry.npmmirror.com/has-symbols 697ms (cache miss)
118 silly packumentCache full:http://registry.npm.taobao.org/has-symbols set size:5325 disposed:false
119 silly packumentCache full:http://registry.npm.taobao.org/has-symbols dispose
120 silly placeDep ROOT call-bind-apply-helpers@1.0.2 OK for: get-intrinsic@1.3.0 want: ^1.0.2
121 silly placeDep ROOT es-define-property@1.0.1 OK for: get-intrinsic@1.3.0 want: ^1.0.1
122 silly placeDep ROOT es-object-atoms@1.1.2 OK for: get-intrinsic@1.3.0 want: ^1.1.1
123 silly placeDep ROOT get-proto@1.0.1 OK for: get-intrinsic@1.3.0 want: ^1.0.1
124 silly placeDep ROOT gopd@1.2.0 OK for: get-intrinsic@1.3.0 want: ^1.2.0
125 silly placeDep ROOT has-symbols@1.1.0 OK for: get-intrinsic@1.3.0 want: ^1.1.0
126 silly placeDep ROOT math-intrinsics@1.1.0 OK for: get-intrinsic@1.3.0 want: ^1.1.0
127 silly fetch manifest dunder-proto@^1.0.1
128 silly packumentCache full:http://registry.npm.taobao.org/dunder-proto cache-miss
129 http fetch GET 200 https://registry.npmmirror.com/dunder-proto 106ms (cache miss)
130 silly packumentCache full:http://registry.npm.taobao.org/dunder-proto set size:2798 disposed:false
131 silly placeDep ROOT dunder-proto@1.0.1 OK for: get-proto@1.0.1 want: ^1.0.1
132 silly placeDep ROOT agent-base@6.0.2 OK for: https-proxy-agent@5.0.1 want: 6
133 silly placeDep ROOT debug@4.4.3 OK for: https-proxy-agent@5.0.1 want: 4
134 silly fetch manifest ms@^2.1.3
135 silly packumentCache full:http://registry.npm.taobao.org/ms cache-miss
136 http fetch GET 200 https://registry.npmmirror.com/ms 188ms (cache miss)
137 silly packumentCache full:http://registry.npm.taobao.org/ms set size:15985 disposed:false
138 silly placeDep ROOT ms@2.1.3 OK for: debug@4.4.3 want: ^2.1.3
139 silly placeDep ROOT mime-db@1.52.0 OK for: mime-types@2.1.35 want: 1.52.0
140 silly reify moves {}
141 silly audit bulk request {
141 silly audit   '@alloc/quick-lru': [ '5.2.0' ],
141 silly audit   '@babel/helper-string-parser': [ '7.29.7' ],
141 silly audit   '@babel/helper-validator-identifier': [ '7.29.7' ],
141 silly audit   '@babel/parser': [ '7.29.7' ],
141 silly audit   '@babel/types': [ '7.29.7' ],
141 silly audit   '@ctrl/tinycolor': [ '4.2.0' ],
141 silly audit   '@element-plus/icons-vue': [ '2.3.2' ],
141 silly audit   '@esbuild/aix-ppc64': [ '0.21.5' ],
141 silly audit   '@esbuild/android-arm': [ '0.21.5' ],
141 silly audit   '@esbuild/android-arm64': [ '0.21.5' ],
141 silly audit   '@esbuild/android-x64': [ '0.21.5' ],
141 silly audit   '@esbuild/darwin-arm64': [ '0.21.5' ],
141 silly audit   '@esbuild/darwin-x64': [ '0.21.5' ],
141 silly audit   '@esbuild/freebsd-arm64': [ '0.21.5' ],
141 silly audit   '@esbuild/freebsd-x64': [ '0.21.5' ],
141 silly audit   '@esbuild/linux-arm': [ '0.21.5' ],
141 silly audit   '@esbuild/linux-arm64': [ '0.21.5' ],
141 silly audit   '@esbuild/linux-ia32': [ '0.21.5' ],
141 silly audit   '@esbuild/linux-loong64': [ '0.21.5' ],
141 silly audit   '@esbuild/linux-mips64el': [ '0.21.5' ],
141 silly audit   '@esbuild/linux-ppc64': [ '0.21.5' ],
141 silly audit   '@esbuild/linux-riscv64': [ '0.21.5' ],
141 silly audit   '@esbuild/linux-s390x': [ '0.21.5' ],
141 silly audit   '@esbuild/linux-x64': [ '0.21.5' ],
141 silly audit   '@esbuild/netbsd-x64': [ '0.21.5' ],
141 silly audit   '@esbuild/openbsd-x64': [ '0.21.5' ],
141 silly audit   '@esbuild/sunos-x64': [ '0.21.5' ],
141 silly audit   '@esbuild/win32-arm64': [ '0.21.5' ],
141 silly audit   '@esbuild/win32-ia32': [ '0.21.5' ],
141 silly audit   '@esbuild/win32-x64': [ '0.21.5' ],
141 silly audit   '@floating-ui/core': [ '1.7.5' ],
141 silly audit   '@floating-ui/dom': [ '1.7.6' ],
141 silly audit   '@floating-ui/utils': [ '0.2.11' ],
141 silly audit   '@jridgewell/gen-mapping': [ '0.3.13' ],
141 silly audit   '@jridgewell/resolve-uri': [ '3.1.2' ],
141 silly audit   '@jridgewell/sourcemap-codec': [ '1.5.5' ],
141 silly audit   '@jridgewell/trace-mapping': [ '0.3.31' ],
141 silly audit   '@nodelib/fs.scandir': [ '2.1.5' ],
141 silly audit   '@nodelib/fs.stat': [ '2.0.5' ],
141 silly audit   '@nodelib/fs.walk': [ '1.2.8' ],
141 silly audit   '@sxzz/popperjs-es': [ '2.11.8' ],
141 silly audit   '@rollup/rollup-android-arm-eabi': [ '4.60.4' ],
141 silly audit   '@rollup/rollup-android-arm64': [ '4.60.4' ],
141 silly audit   '@rollup/rollup-darwin-arm64': [ '4.60.4' ],
141 silly audit   '@rollup/rollup-darwin-x64': [ '4.60.4' ],
141 silly audit   '@rollup/rollup-freebsd-arm64': [ '4.60.4' ],
141 silly audit   '@rollup/rollup-freebsd-x64': [ '4.60.4' ],
141 silly audit   '@rollup/rollup-linux-arm-gnueabihf': [ '4.60.4' ],
141 silly audit   '@rollup/rollup-linux-arm-musleabihf': [ '4.60.4' ],
141 silly audit   '@rollup/rollup-linux-arm64-gnu': [ '4.60.4' ],
141 silly audit   '@rollup/rollup-linux-arm64-musl': [ '4.60.4' ],
141 silly audit   '@rollup/rollup-linux-loong64-gnu': [ '4.60.4' ],
141 silly audit   '@rollup/rollup-linux-loong64-musl': [ '4.60.4' ],
141 silly audit   '@rollup/rollup-linux-ppc64-gnu': [ '4.60.4' ],
141 silly audit   '@rollup/rollup-linux-ppc64-musl': [ '4.60.4' ],
141 silly audit   '@rollup/rollup-linux-riscv64-gnu': [ '4.60.4' ],
141 silly audit   '@rollup/rollup-linux-riscv64-musl': [ '4.60.4' ],
141 silly audit   '@rollup/rollup-linux-s390x-gnu': [ '4.60.4' ],
141 silly audit   '@rollup/rollup-linux-x64-gnu': [ '4.60.4' ],
141 silly audit   '@rollup/rollup-linux-x64-musl': [ '4.60.4' ],
141 silly audit   '@rollup/rollup-openbsd-x64': [ '4.60.4' ],
141 silly audit   '@rollup/rollup-openharmony-arm64': [ '4.60.4' ],
141 silly audit   '@rollup/rollup-win32-arm64-msvc': [ '4.60.4' ],
141 silly audit   '@rollup/rollup-win32-ia32-msvc': [ '4.60.4' ],
141 silly audit   '@rollup/rollup-win32-x64-gnu': [ '4.60.4' ],
141 silly audit   '@rollup/rollup-win32-x64-msvc': [ '4.60.4' ],
141 silly audit   '@types/estree': [ '1.0.8' ],
141 silly audit   '@types/lodash': [ '4.17.24' ],
141 silly audit   '@types/lodash-es': [ '4.17.12' ],
141 silly audit   '@types/web-bluetooth': [ '0.0.21' ],
141 silly audit   '@vitejs/plugin-vue': [ '5.2.4' ],
141 silly audit   '@vue/compiler-core': [ '3.5.34' ],
141 silly audit   '@vue/compiler-dom': [ '3.5.34' ],
141 silly audit   '@vue/compiler-sfc': [ '3.5.34' ],
141 silly audit   '@vue/compiler-ssr': [ '3.5.34' ],
141 silly audit   '@vue/devtools-api': [ '6.6.4' ],
141 silly audit   '@vue/reactivity': [ '3.5.34' ],
141 silly audit   '@vue/runtime-core': [ '3.5.34' ],
141 silly audit   '@vue/runtime-dom': [ '3.5.34' ],
141 silly audit   '@vue/server-renderer': [ '3.5.34' ],
141 silly audit   '@vue/shared': [ '3.5.34' ],
141 silly audit   '@vueuse/core': [ '14.3.0' ],
141 silly audit   '@vueuse/metadata': [ '14.3.0' ],
141 silly audit   '@vueuse/shared': [ '14.3.0' ],
141 silly audit   'any-promise': [ '1.3.0' ],
141 silly audit   anymatch: [ '3.1.3' ],
141 silly audit   arg: [ '5.0.2' ],
141 silly audit   'async-validator': [ '4.2.5' ],
141 silly audit   autoprefixer: [ '10.5.0' ],
141 silly audit   'baseline-browser-mapping': [ '2.10.32' ],
141 silly audit   'binary-extensions': [ '2.3.0' ],
141 silly audit   braces: [ '3.0.3' ],
141 silly audit   browserslist: [ '4.28.2' ],
141 silly audit   'camelcase-css': [ '2.0.1' ],
141 silly audit   'caniuse-lite': [ '1.0.30001793' ],
141 silly audit   chokidar: [ '3.6.0' ],
141 silly audit   'glob-parent': [ '5.1.2', '6.0.2' ],
141 silly audit   commander: [ '4.1.1' ],
141 silly audit   cssesc: [ '3.0.0' ],
141 silly audit   csstype: [ '3.2.3' ],
141 silly audit   dayjs: [ '1.11.20' ],
141 silly audit   didyoumean: [ '1.2.2' ],
141 silly audit   dlv: [ '1.1.3' ],
141 silly audit   'electron-to-chromium': [ '1.5.361' ],
141 silly audit   'element-plus': [ '2.14.0' ],
141 silly audit   entities: [ '7.0.1' ],
141 silly audit   'es-errors': [ '1.3.0' ],
141 silly audit   esbuild: [ '0.21.5' ],
141 silly audit   escalade: [ '3.2.0' ],
141 silly audit   'estree-walker': [ '2.0.2' ],
141 silly audit   'fast-glob': [ '3.3.3' ],
141 silly audit   fastq: [ '1.20.1' ],
141 silly audit   'fill-range': [ '7.1.1' ],
141 silly audit   'fraction.js': [ '5.3.4' ],
141 silly audit   fsevents: [ '2.3.3' ],
141 silly audit   'function-bind': [ '1.1.2' ],
141 silly audit   hasown: [ '2.0.3' ],
141 silly audit   'is-binary-path': [ '2.1.0' ],
141 silly audit   'is-core-module': [ '2.16.2' ],
141 silly audit   'is-extglob': [ '2.1.1' ],
141 silly audit   'is-glob': [ '4.0.3' ],
141 silly audit   'is-number': [ '7.0.0' ],
141 silly audit   jiti: [ '1.21.7' ],
141 silly audit   lilconfig: [ '3.1.3' ],
141 silly audit   'lines-and-columns': [ '1.2.4' ],
141 silly audit   lodash: [ '4.18.1' ],
141 silly audit   'lodash-es': [ '4.18.1' ],
141 silly audit   'lodash-unified': [ '1.0.3' ],
141 silly audit   'magic-string': [ '0.30.21' ],
141 silly audit   'memoize-one': [ '6.0.0' ],
141 silly audit   merge2: [ '1.4.1' ],
141 silly audit   micromatch: [ '4.0.8' ],
141 silly audit   mz: [ '2.7.0' ],
141 silly audit   nanoid: [ '3.3.12' ],
141 silly audit   'node-releases': [ '2.0.46' ],
141 silly audit   'normalize-path': [ '3.0.0' ],
141 silly audit   'normalize-wheel-es': [ '1.2.0' ],
141 silly audit   'object-assign': [ '4.1.1' ],
141 silly audit   'object-hash': [ '3.0.0' ],
141 silly audit   'path-parse': [ '1.0.7' ],
141 silly audit   picocolors: [ '1.1.1' ],
141 silly audit   picomatch: [ '2.3.2', '4.0.4' ],
141 silly audit   pify: [ '2.3.0' ],
141 silly audit   pirates: [ '4.0.7' ],
141 silly audit   postcss: [ '8.5.15' ],
141 silly audit   'postcss-import': [ '15.1.0' ],
141 silly audit   'postcss-js': [ '4.1.0' ],
141 silly audit   'postcss-load-config': [ '6.0.1' ],
141 silly audit   'postcss-nested': [ '6.2.0' ],
141 silly audit   'postcss-selector-parser': [ '6.1.2' ],
141 silly audit   'postcss-value-parser': [ '4.2.0' ],
141 silly audit   'queue-microtask': [ '1.2.3' ],
141 silly audit   'read-cache': [ '1.0.0' ],
141 silly audit   readdirp: [ '3.6.0' ],
141 silly audit   resolve: [ '1.22.12' ],
141 silly audit   reusify: [ '1.1.0' ],
141 silly audit   rollup: [ '4.60.4' ],
141 silly audit   'run-parallel': [ '1.2.0' ],
141 silly audit   'source-map-js': [ '1.2.1' ],
141 silly audit   sucrase: [ '3.35.1' ],
141 silly audit   'supports-preserve-symlinks-flag': [ '1.0.0' ],
141 silly audit   tailwindcss: [ '3.4.19' ],
141 silly audit   thenify: [ '3.3.1' ],
141 silly audit   'thenify-all': [ '1.6.0' ],
141 silly audit   tinyglobby: [ '0.2.16' ],
141 silly audit   fdir: [ '6.5.0' ],
141 silly audit   'to-regex-range': [ '5.0.1' ],
141 silly audit   'ts-interface-checker': [ '0.1.13' ],
141 silly audit   'update-browserslist-db': [ '1.2.3' ],
141 silly audit   'util-deprecate': [ '1.0.2' ],
141 silly audit   vite: [ '5.4.21' ],
141 silly audit   vue: [ '3.5.34' ],
141 silly audit   'vue-component-type-helpers': [ '3.3.1' ],
141 silly audit   'vue-router': [ '4.6.4' ],
141 silly audit   axios: [ '1.16.1' ],
141 silly audit   'follow-redirects': [ '1.16.0' ],
141 silly audit   'form-data': [ '4.0.5' ],
141 silly audit   'https-proxy-agent': [ '5.0.1' ],
141 silly audit   'proxy-from-env': [ '2.1.0' ],
141 silly audit   asynckit: [ '0.4.0' ],
141 silly audit   'combined-stream': [ '1.0.8' ],
141 silly audit   'es-set-tostringtag': [ '2.1.0' ],
141 silly audit   'mime-types': [ '2.1.35' ],
141 silly audit   'delayed-stream': [ '1.0.0' ],
141 silly audit   'get-intrinsic': [ '1.3.0' ],
141 silly audit   'has-tostringtag': [ '1.0.2' ],
141 silly audit   'call-bind-apply-helpers': [ '1.0.2' ],
141 silly audit   'es-define-property': [ '1.0.1' ],
141 silly audit   'es-object-atoms': [ '1.1.2' ],
141 silly audit   'get-proto': [ '1.0.1' ],
141 silly audit   gopd: [ '1.2.0' ],
141 silly audit   'has-symbols': [ '1.1.0' ],
141 silly audit   'math-intrinsics': [ '1.1.0' ],
141 silly audit   'dunder-proto': [ '1.0.1' ],
141 silly audit   'agent-base': [ '6.0.2' ],
141 silly audit   debug: [ '4.4.3' ],
141 silly audit   ms: [ '2.1.3' ],
141 silly audit   'mime-db': [ '1.52.0' ]
141 silly audit }
142 verbose reify failed optional dependency C:\PyTorch_Project\VisionProject\frontend\node_modules\fsevents
143 silly reify mark deleted [
143 silly reify   'C:\\PyTorch_Project\\VisionProject\\frontend\\node_modules\\fsevents'
143 silly reify ]
144 verbose reify failed optional dependency C:\PyTorch_Project\VisionProject\frontend\node_modules\@rollup\rollup-win32-ia32-msvc
145 silly reify mark deleted [
145 silly reify   'C:\\PyTorch_Project\\VisionProject\\frontend\\node_modules\\@rollup\\rollup-win32-ia32-msvc'
145 silly reify ]
146 verbose reify failed optional dependency C:\PyTorch_Project\VisionProject\frontend\node_modules\@rollup\rollup-win32-arm64-msvc
147 silly reify mark deleted [
147 silly reify   'C:\\PyTorch_Project\\VisionProject\\frontend\\node_modules\\@rollup\\rollup-win32-arm64-msvc'
147 silly reify ]
148 verbose reify failed optional dependency C:\PyTorch_Project\VisionProject\frontend\node_modules\@rollup\rollup-openharmony-arm64
149 silly reify mark deleted [
149 silly reify   'C:\\PyTorch_Project\\VisionProject\\frontend\\node_modules\\@rollup\\rollup-openharmony-arm64'
149 silly reify ]
150 verbose reify failed optional dependency C:\PyTorch_Project\VisionProject\frontend\node_modules\@rollup\rollup-openbsd-x64
151 silly reify mark deleted [
151 silly reify   'C:\\PyTorch_Project\\VisionProject\\frontend\\node_modules\\@rollup\\rollup-openbsd-x64'
151 silly reify ]
152 verbose reify failed optional dependency C:\PyTorch_Project\VisionProject\frontend\node_modules\@rollup\rollup-linux-x64-musl
153 silly reify mark deleted [
153 silly reify   'C:\\PyTorch_Project\\VisionProject\\frontend\\node_modules\\@rollup\\rollup-linux-x64-musl'
153 silly reify ]
154 verbose reify failed optional dependency C:\PyTorch_Project\VisionProject\frontend\node_modules\@rollup\rollup-linux-x64-gnu
155 silly reify mark deleted [
155 silly reify   'C:\\PyTorch_Project\\VisionProject\\frontend\\node_modules\\@rollup\\rollup-linux-x64-gnu'
155 silly reify ]
156 verbose reify failed optional dependency C:\PyTorch_Project\VisionProject\frontend\node_modules\@rollup\rollup-linux-s390x-gnu
157 silly reify mark deleted [
157 silly reify   'C:\\PyTorch_Project\\VisionProject\\frontend\\node_modules\\@rollup\\rollup-linux-s390x-gnu'
157 silly reify ]
158 verbose reify failed optional dependency C:\PyTorch_Project\VisionProject\frontend\node_modules\@rollup\rollup-linux-riscv64-musl
159 silly reify mark deleted [
159 silly reify   'C:\\PyTorch_Project\\VisionProject\\frontend\\node_modules\\@rollup\\rollup-linux-riscv64-musl'
159 silly reify ]
160 verbose reify failed optional dependency C:\PyTorch_Project\VisionProject\frontend\node_modules\@rollup\rollup-linux-riscv64-gnu
161 silly reify mark deleted [
161 silly reify   'C:\\PyTorch_Project\\VisionProject\\frontend\\node_modules\\@rollup\\rollup-linux-riscv64-gnu'
161 silly reify ]
162 verbose reify failed optional dependency C:\PyTorch_Project\VisionProject\frontend\node_modules\@rollup\rollup-linux-ppc64-musl
163 silly reify mark deleted [
163 silly reify   'C:\\PyTorch_Project\\VisionProject\\frontend\\node_modules\\@rollup\\rollup-linux-ppc64-musl'
163 silly reify ]
164 verbose reify failed optional dependency C:\PyTorch_Project\VisionProject\frontend\node_modules\@rollup\rollup-linux-ppc64-gnu
165 silly reify mark deleted [
165 silly reify   'C:\\PyTorch_Project\\VisionProject\\frontend\\node_modules\\@rollup\\rollup-linux-ppc64-gnu'
165 silly reify ]
166 verbose reify failed optional dependency C:\PyTorch_Project\VisionProject\frontend\node_modules\@rollup\rollup-linux-loong64-musl
167 silly reify mark deleted [
167 silly reify   'C:\\PyTorch_Project\\VisionProject\\frontend\\node_modules\\@rollup\\rollup-linux-loong64-musl'
167 silly reify ]
168 verbose reify failed optional dependency C:\PyTorch_Project\VisionProject\frontend\node_modules\@rollup\rollup-linux-loong64-gnu
169 silly reify mark deleted [
169 silly reify   'C:\\PyTorch_Project\\VisionProject\\frontend\\node_modules\\@rollup\\rollup-linux-loong64-gnu'
169 silly reify ]
170 verbose reify failed optional dependency C:\PyTorch_Project\VisionProject\frontend\node_modules\@rollup\rollup-linux-arm64-musl
171 silly reify mark deleted [
171 silly reify   'C:\\PyTorch_Project\\VisionProject\\frontend\\node_modules\\@rollup\\rollup-linux-arm64-musl'
171 silly reify ]
172 verbose reify failed optional dependency C:\PyTorch_Project\VisionProject\frontend\node_modules\@rollup\rollup-linux-arm64-gnu
173 silly reify mark deleted [
173 silly reify   'C:\\PyTorch_Project\\VisionProject\\frontend\\node_modules\\@rollup\\rollup-linux-arm64-gnu'
173 silly reify ]
174 verbose reify failed optional dependency C:\PyTorch_Project\VisionProject\frontend\node_modules\@rollup\rollup-linux-arm-musleabihf
175 silly reify mark deleted [
175 silly reify   'C:\\PyTorch_Project\\VisionProject\\frontend\\node_modules\\@rollup\\rollup-linux-arm-musleabihf'
175 silly reify ]
176 verbose reify failed optional dependency C:\PyTorch_Project\VisionProject\frontend\node_modules\@rollup\rollup-linux-arm-gnueabihf
177 silly reify mark deleted [
177 silly reify   'C:\\PyTorch_Project\\VisionProject\\frontend\\node_modules\\@rollup\\rollup-linux-arm-gnueabihf'
177 silly reify ]
178 verbose reify failed optional dependency C:\PyTorch_Project\VisionProject\frontend\node_modules\@rollup\rollup-freebsd-x64
179 silly reify mark deleted [
179 silly reify   'C:\\PyTorch_Project\\VisionProject\\frontend\\node_modules\\@rollup\\rollup-freebsd-x64'
179 silly reify ]
180 verbose reify failed optional dependency C:\PyTorch_Project\VisionProject\frontend\node_modules\@rollup\rollup-freebsd-arm64
181 silly reify mark deleted [
181 silly reify   'C:\\PyTorch_Project\\VisionProject\\frontend\\node_modules\\@rollup\\rollup-freebsd-arm64'
181 silly reify ]
182 verbose reify failed optional dependency C:\PyTorch_Project\VisionProject\frontend\node_modules\@rollup\rollup-darwin-x64
183 silly reify mark deleted [
183 silly reify   'C:\\PyTorch_Project\\VisionProject\\frontend\\node_modules\\@rollup\\rollup-darwin-x64'
183 silly reify ]
184 verbose reify failed optional dependency C:\PyTorch_Project\VisionProject\frontend\node_modules\@rollup\rollup-darwin-arm64
185 silly reify mark deleted [
185 silly reify   'C:\\PyTorch_Project\\VisionProject\\frontend\\node_modules\\@rollup\\rollup-darwin-arm64'
185 silly reify ]
186 verbose reify failed optional dependency C:\PyTorch_Project\VisionProject\frontend\node_modules\@rollup\rollup-android-arm64
187 silly reify mark deleted [
187 silly reify   'C:\\PyTorch_Project\\VisionProject\\frontend\\node_modules\\@rollup\\rollup-android-arm64'
187 silly reify ]
188 verbose reify failed optional dependency C:\PyTorch_Project\VisionProject\frontend\node_modules\@rollup\rollup-android-arm-eabi
189 silly reify mark deleted [
189 silly reify   'C:\\PyTorch_Project\\VisionProject\\frontend\\node_modules\\@rollup\\rollup-android-arm-eabi'
189 silly reify ]
190 verbose reify failed optional dependency C:\PyTorch_Project\VisionProject\frontend\node_modules\@esbuild\win32-ia32
191 silly reify mark deleted [
191 silly reify   'C:\\PyTorch_Project\\VisionProject\\frontend\\node_modules\\@esbuild\\win32-ia32'
191 silly reify ]
192 verbose reify failed optional dependency C:\PyTorch_Project\VisionProject\frontend\node_modules\@esbuild\win32-arm64
193 silly reify mark deleted [
193 silly reify   'C:\\PyTorch_Project\\VisionProject\\frontend\\node_modules\\@esbuild\\win32-arm64'
193 silly reify ]
194 verbose reify failed optional dependency C:\PyTorch_Project\VisionProject\frontend\node_modules\@esbuild\sunos-x64
195 silly reify mark deleted [
195 silly reify   'C:\\PyTorch_Project\\VisionProject\\frontend\\node_modules\\@esbuild\\sunos-x64'
195 silly reify ]
196 verbose reify failed optional dependency C:\PyTorch_Project\VisionProject\frontend\node_modules\@esbuild\openbsd-x64
197 silly reify mark deleted [
197 silly reify   'C:\\PyTorch_Project\\VisionProject\\frontend\\node_modules\\@esbuild\\openbsd-x64'
197 silly reify ]
198 verbose reify failed optional dependency C:\PyTorch_Project\VisionProject\frontend\node_modules\@esbuild\netbsd-x64
199 silly reify mark deleted [
199 silly reify   'C:\\PyTorch_Project\\VisionProject\\frontend\\node_modules\\@esbuild\\netbsd-x64'
199 silly reify ]
200 verbose reify failed optional dependency C:\PyTorch_Project\VisionProject\frontend\node_modules\@esbuild\linux-x64
201 silly reify mark deleted [
201 silly reify   'C:\\PyTorch_Project\\VisionProject\\frontend\\node_modules\\@esbuild\\linux-x64'
201 silly reify ]
202 verbose reify failed optional dependency C:\PyTorch_Project\VisionProject\frontend\node_modules\@esbuild\linux-s390x
203 silly reify mark deleted [
203 silly reify   'C:\\PyTorch_Project\\VisionProject\\frontend\\node_modules\\@esbuild\\linux-s390x'
203 silly reify ]
204 verbose reify failed optional dependency C:\PyTorch_Project\VisionProject\frontend\node_modules\@esbuild\linux-riscv64
205 silly reify mark deleted [
205 silly reify   'C:\\PyTorch_Project\\VisionProject\\frontend\\node_modules\\@esbuild\\linux-riscv64'
205 silly reify ]
206 verbose reify failed optional dependency C:\PyTorch_Project\VisionProject\frontend\node_modules\@esbuild\linux-ppc64
207 silly reify mark deleted [
207 silly reify   'C:\\PyTorch_Project\\VisionProject\\frontend\\node_modules\\@esbuild\\linux-ppc64'
207 silly reify ]
208 verbose reify failed optional dependency C:\PyTorch_Project\VisionProject\frontend\node_modules\@esbuild\linux-mips64el
209 silly reify mark deleted [
209 silly reify   'C:\\PyTorch_Project\\VisionProject\\frontend\\node_modules\\@esbuild\\linux-mips64el'
209 silly reify ]
210 verbose reify failed optional dependency C:\PyTorch_Project\VisionProject\frontend\node_modules\@esbuild\linux-loong64
211 silly reify mark deleted [
211 silly reify   'C:\\PyTorch_Project\\VisionProject\\frontend\\node_modules\\@esbuild\\linux-loong64'
211 silly reify ]
212 verbose reify failed optional dependency C:\PyTorch_Project\VisionProject\frontend\node_modules\@esbuild\linux-ia32
213 silly reify mark deleted [
213 silly reify   'C:\\PyTorch_Project\\VisionProject\\frontend\\node_modules\\@esbuild\\linux-ia32'
213 silly reify ]
214 verbose reify failed optional dependency C:\PyTorch_Project\VisionProject\frontend\node_modules\@esbuild\linux-arm64
215 silly reify mark deleted [
215 silly reify   'C:\\PyTorch_Project\\VisionProject\\frontend\\node_modules\\@esbuild\\linux-arm64'
215 silly reify ]
216 verbose reify failed optional dependency C:\PyTorch_Project\VisionProject\frontend\node_modules\@esbuild\linux-arm
217 silly reify mark deleted [
217 silly reify   'C:\\PyTorch_Project\\VisionProject\\frontend\\node_modules\\@esbuild\\linux-arm'
217 silly reify ]
218 verbose reify failed optional dependency C:\PyTorch_Project\VisionProject\frontend\node_modules\@esbuild\freebsd-x64
219 silly reify mark deleted [
219 silly reify   'C:\\PyTorch_Project\\VisionProject\\frontend\\node_modules\\@esbuild\\freebsd-x64'
219 silly reify ]
220 verbose reify failed optional dependency C:\PyTorch_Project\VisionProject\frontend\node_modules\@esbuild\freebsd-arm64
221 silly reify mark deleted [
221 silly reify   'C:\\PyTorch_Project\\VisionProject\\frontend\\node_modules\\@esbuild\\freebsd-arm64'
221 silly reify ]
222 verbose reify failed optional dependency C:\PyTorch_Project\VisionProject\frontend\node_modules\@esbuild\darwin-x64
223 silly reify mark deleted [
223 silly reify   'C:\\PyTorch_Project\\VisionProject\\frontend\\node_modules\\@esbuild\\darwin-x64'
223 silly reify ]
224 verbose reify failed optional dependency C:\PyTorch_Project\VisionProject\frontend\node_modules\@esbuild\darwin-arm64
225 silly reify mark deleted [
225 silly reify   'C:\\PyTorch_Project\\VisionProject\\frontend\\node_modules\\@esbuild\\darwin-arm64'
225 silly reify ]
226 verbose reify failed optional dependency C:\PyTorch_Project\VisionProject\frontend\node_modules\@esbuild\android-x64
227 silly reify mark deleted [
227 silly reify   'C:\\PyTorch_Project\\VisionProject\\frontend\\node_modules\\@esbuild\\android-x64'
227 silly reify ]
228 verbose reify failed optional dependency C:\PyTorch_Project\VisionProject\frontend\node_modules\@esbuild\android-arm64
229 silly reify mark deleted [
229 silly reify   'C:\\PyTorch_Project\\VisionProject\\frontend\\node_modules\\@esbuild\\android-arm64'
229 silly reify ]
230 verbose reify failed optional dependency C:\PyTorch_Project\VisionProject\frontend\node_modules\@esbuild\android-arm
231 silly reify mark deleted [
231 silly reify   'C:\\PyTorch_Project\\VisionProject\\frontend\\node_modules\\@esbuild\\android-arm'
231 silly reify ]
232 verbose reify failed optional dependency C:\PyTorch_Project\VisionProject\frontend\node_modules\@esbuild\aix-ppc64
233 silly reify mark deleted [
233 silly reify   'C:\\PyTorch_Project\\VisionProject\\frontend\\node_modules\\@esbuild\\aix-ppc64'
233 silly reify ]
234 http cache ms@https://registry.npmmirror.com/ms/-/ms-2.1.3.tgz 0ms (cache hit)
235 http cache agent-base@https://registry.npmmirror.com/agent-base/-/agent-base-6.0.2.tgz 1ms (cache hit)
236 http cache mime-db@https://registry.npmmirror.com/mime-db/-/mime-db-1.52.0.tgz 0ms (cache hit)
237 http cache debug@https://registry.npmmirror.com/debug/-/debug-4.4.3.tgz 0ms (cache hit)
238 http cache math-intrinsics@https://registry.npmmirror.com/math-intrinsics/-/math-intrinsics-1.1.0.tgz 0ms (cache hit)
239 http cache es-object-atoms@https://registry.npmmirror.com/es-object-atoms/-/es-object-atoms-1.1.2.tgz 0ms (cache hit)
240 http cache dunder-proto@https://registry.npmmirror.com/dunder-proto/-/dunder-proto-1.0.1.tgz 0ms (cache hit)
241 http cache gopd@https://registry.npmmirror.com/gopd/-/gopd-1.2.0.tgz 0ms (cache hit)
242 http cache has-symbols@https://registry.npmmirror.com/has-symbols/-/has-symbols-1.1.0.tgz 0ms (cache hit)
243 http cache get-proto@https://registry.npmmirror.com/get-proto/-/get-proto-1.0.1.tgz 0ms (cache hit)
244 http cache es-define-property@https://registry.npmmirror.com/es-define-property/-/es-define-property-1.0.1.tgz 0ms (cache hit)
245 http cache call-bind-apply-helpers@https://registry.npmmirror.com/call-bind-apply-helpers/-/call-bind-apply-helpers-1.0.2.tgz 0ms (cache hit)
246 http cache has-tostringtag@https://registry.npmmirror.com/has-tostringtag/-/has-tostringtag-1.0.2.tgz 0ms (cache hit)
247 http cache delayed-stream@https://registry.npmmirror.com/delayed-stream/-/delayed-stream-1.0.0.tgz 0ms (cache hit)
248 http cache mime-types@https://registry.npmmirror.com/mime-types/-/mime-types-2.1.35.tgz 0ms (cache hit)
249 http cache get-intrinsic@https://registry.npmmirror.com/get-intrinsic/-/get-intrinsic-1.3.0.tgz 0ms (cache hit)
250 http cache combined-stream@https://registry.npmmirror.com/combined-stream/-/combined-stream-1.0.8.tgz 0ms (cache hit)
251 http cache asynckit@https://registry.npmmirror.com/asynckit/-/asynckit-0.4.0.tgz 0ms (cache hit)
252 http cache es-set-tostringtag@https://registry.npmmirror.com/es-set-tostringtag/-/es-set-tostringtag-2.1.0.tgz 0ms (cache hit)
253 http cache https-proxy-agent@https://registry.npmmirror.com/https-proxy-agent/-/https-proxy-agent-5.0.1.tgz 0ms (cache hit)
254 http cache proxy-from-env@https://registry.npmmirror.com/proxy-from-env/-/proxy-from-env-2.1.0.tgz 0ms (cache hit)
255 http cache form-data@https://registry.npmmirror.com/form-data/-/form-data-4.0.5.tgz 0ms (cache hit)
256 http cache follow-redirects@https://registry.npmmirror.com/follow-redirects/-/follow-redirects-1.16.0.tgz 0ms (cache hit)
257 http cache axios@https://registry.npmmirror.com/axios/-/axios-1.16.1.tgz 0ms (cache hit)
258 silly tarball no local data for ms@https://registry.npmmirror.com/ms/-/ms-2.1.3.tgz. Extracting by manifest.
259 silly tarball no local data for agent-base@https://registry.npmmirror.com/agent-base/-/agent-base-6.0.2.tgz. Extracting by manifest.
260 silly tarball no local data for mime-db@https://registry.npmmirror.com/mime-db/-/mime-db-1.52.0.tgz. Extracting by manifest.
261 silly tarball no local data for debug@https://registry.npmmirror.com/debug/-/debug-4.4.3.tgz. Extracting by manifest.
262 silly tarball no local data for math-intrinsics@https://registry.npmmirror.com/math-intrinsics/-/math-intrinsics-1.1.0.tgz. Extracting by manifest.
263 silly tarball no local data for es-object-atoms@https://registry.npmmirror.com/es-object-atoms/-/es-object-atoms-1.1.2.tgz. Extracting by manifest.
264 silly tarball no local data for dunder-proto@https://registry.npmmirror.com/dunder-proto/-/dunder-proto-1.0.1.tgz. Extracting by manifest.
265 silly tarball no local data for gopd@https://registry.npmmirror.com/gopd/-/gopd-1.2.0.tgz. Extracting by manifest.
266 silly tarball no local data for has-symbols@https://registry.npmmirror.com/has-symbols/-/has-symbols-1.1.0.tgz. Extracting by manifest.
267 silly tarball no local data for get-proto@https://registry.npmmirror.com/get-proto/-/get-proto-1.0.1.tgz. Extracting by manifest.
268 silly tarball no local data for es-define-property@https://registry.npmmirror.com/es-define-property/-/es-define-property-1.0.1.tgz. Extracting by manifest.
269 silly tarball no local data for call-bind-apply-helpers@https://registry.npmmirror.com/call-bind-apply-helpers/-/call-bind-apply-helpers-1.0.2.tgz. Extracting by manifest.
270 silly tarball no local data for has-tostringtag@https://registry.npmmirror.com/has-tostringtag/-/has-tostringtag-1.0.2.tgz. Extracting by manifest.
271 silly tarball no local data for delayed-stream@https://registry.npmmirror.com/delayed-stream/-/delayed-stream-1.0.0.tgz. Extracting by manifest.
272 silly tarball no local data for mime-types@https://registry.npmmirror.com/mime-types/-/mime-types-2.1.35.tgz. Extracting by manifest.
273 silly tarball no local data for get-intrinsic@https://registry.npmmirror.com/get-intrinsic/-/get-intrinsic-1.3.0.tgz. Extracting by manifest.
274 silly tarball no local data for combined-stream@https://registry.npmmirror.com/combined-stream/-/combined-stream-1.0.8.tgz. Extracting by manifest.
275 silly tarball no local data for asynckit@https://registry.npmmirror.com/asynckit/-/asynckit-0.4.0.tgz. Extracting by manifest.
276 silly tarball no local data for es-set-tostringtag@https://registry.npmmirror.com/es-set-tostringtag/-/es-set-tostringtag-2.1.0.tgz. Extracting by manifest.
277 silly tarball no local data for https-proxy-agent@https://registry.npmmirror.com/https-proxy-agent/-/https-proxy-agent-5.0.1.tgz. Extracting by manifest.
278 silly tarball no local data for proxy-from-env@https://registry.npmmirror.com/proxy-from-env/-/proxy-from-env-2.1.0.tgz. Extracting by manifest.
279 silly tarball no local data for form-data@https://registry.npmmirror.com/form-data/-/form-data-4.0.5.tgz. Extracting by manifest.
280 silly tarball no local data for follow-redirects@https://registry.npmmirror.com/follow-redirects/-/follow-redirects-1.16.0.tgz. Extracting by manifest.
281 silly tarball no local data for axios@https://registry.npmmirror.com/axios/-/axios-1.16.1.tgz. Extracting by manifest.
282 http fetch GET 200 https://cdn.npmmirror.com/packages/ms/2.1.3/ms-2.1.3.tgz 255ms (cache miss)
283 http fetch GET 200 https://cdn.npmmirror.com/packages/gopd/1.2.0/gopd-1.2.0.tgz 260ms (cache miss)
284 http fetch GET 200 https://cdn.npmmirror.com/packages/dunder-proto/1.0.1/dunder-proto-1.0.1.tgz 274ms (cache miss)
285 http fetch GET 200 https://cdn.npmmirror.com/packages/agent-base/6.0.2/agent-base-6.0.2.tgz 278ms (cache miss)
286 http fetch POST 404 https://registry.npmmirror.com/-/npm/v1/security/advisories/bulk 310ms (cache skip)
287 verbose audit error HttpErrorGeneral: 404 Not Found - POST https://registry.npmmirror.com/-/npm/v1/security/advisories/bulk - [NOT_IMPLEMENTED] /-/npm/v1/security/* not implemented yet
287 verbose audit error     at C:\Program Files\nodejs\node_modules\npm\node_modules\npm-registry-fetch\lib\check-response.js:103:15
287 verbose audit error     at process.processTicksAndRejections (node:internal/process/task_queues:105:5)
287 verbose audit error     at async #getReport (C:\Program Files\nodejs\node_modules\npm\node_modules\@npmcli\arborist\lib\audit-report.js:275:19)
287 verbose audit error     at async AuditReport.run (C:\Program Files\nodejs\node_modules\npm\node_modules\@npmcli\arborist\lib\audit-report.js:100:19) {
287 verbose audit error   headers: [Object: null prototype] {
287 verbose audit error     server: [ 'Tengine' ],
287 verbose audit error     date: [ 'Mon, 25 May 2026 13:06:03 GMT' ],
287 verbose audit error     'content-type': [ 'application/json' ],
287 verbose audit error     'transfer-encoding': [ 'chunked' ],
287 verbose audit error     connection: [ 'keep-alive' ],
287 verbose audit error     'strict-transport-security': [ 'max-age=5184000' ],
287 verbose audit error     via: [ 'kunlun10.cn9014[,404666]' ],
287 verbose audit error     'timing-allow-origin': [ '*' ],
287 verbose audit error     eagleid: [ '759d831e17797143638133566e' ],
287 verbose audit error     'x-fetch-attempts': [ '1' ],
287 verbose audit error     'x-local-cache-status': [ 'skip' ]
287 verbose audit error   },
287 verbose audit error   statusCode: 404,
287 verbose audit error   code: 'E404',
287 verbose audit error   method: 'POST',
287 verbose audit error   uri: 'https://registry.npmmirror.com/-/npm/v1/security/advisories/bulk',
287 verbose audit error   body: {
287 verbose audit error     error: '[NOT_IMPLEMENTED] /-/npm/v1/security/* not implemented yet'
287 verbose audit error   },
287 verbose audit error   pkgid: undefined
287 verbose audit error }
288 silly audit error [object Object]
289 silly audit report null
290 http fetch GET 200 https://cdn.npmmirror.com/packages/math-intrinsics/1.1.0/math-intrinsics-1.1.0.tgz 293ms (cache miss)
291 http fetch GET 200 https://cdn.npmmirror.com/packages/mime-types/2.1.35/mime-types-2.1.35.tgz 305ms (cache miss)
292 http fetch GET 200 https://cdn.npmmirror.com/packages/combined-stream/1.0.8/combined-stream-1.0.8.tgz 305ms (cache miss)
293 http fetch GET 200 https://cdn.npmmirror.com/packages/get-intrinsic/1.3.0/get-intrinsic-1.3.0.tgz 312ms (cache miss)
294 http fetch GET 200 https://cdn.npmmirror.com/packages/https-proxy-agent/5.0.1/https-proxy-agent-5.0.1.tgz 316ms (cache miss)
295 http fetch GET 200 https://cdn.npmmirror.com/packages/has-tostringtag/1.0.2/has-tostringtag-1.0.2.tgz 330ms (cache miss)
296 http fetch GET 200 https://cdn.npmmirror.com/packages/call-bind-apply-helpers/1.0.2/call-bind-apply-helpers-1.0.2.tgz 331ms (cache miss)
297 http fetch GET 200 https://cdn.npmmirror.com/packages/es-set-tostringtag/2.1.0/es-set-tostringtag-2.1.0.tgz 337ms (cache miss)
298 http fetch GET 200 https://cdn.npmmirror.com/packages/has-symbols/1.1.0/has-symbols-1.1.0.tgz 346ms (cache miss)
299 http fetch GET 200 https://cdn.npmmirror.com/packages/proxy-from-env/2.1.0/proxy-from-env-2.1.0.tgz 351ms (cache miss)
300 http fetch GET 200 https://cdn.npmmirror.com/packages/asynckit/0.4.0/asynckit-0.4.0.tgz 352ms (cache miss)
301 http fetch GET 200 https://cdn.npmmirror.com/packages/form-data/4.0.5/form-data-4.0.5.tgz 357ms (cache miss)
302 http fetch GET 200 https://cdn.npmmirror.com/packages/follow-redirects/1.16.0/follow-redirects-1.16.0.tgz 385ms (cache miss)
303 http fetch GET 200 https://cdn.npmmirror.com/packages/delayed-stream/1.0.0/delayed-stream-1.0.0.tgz 410ms (cache miss)
304 http fetch GET 200 https://cdn.npmmirror.com/packages/mime-db/1.52.0/mime-db-1.52.0.tgz 466ms (cache miss)
305 http fetch GET 200 https://cdn.npmmirror.com/packages/axios/1.16.1/axios-1.16.1.tgz 582ms (cache miss)
306 http fetch GET 200 https://cdn.npmmirror.com/packages/es-object-atoms/1.1.2/es-object-atoms-1.1.2.tgz 664ms (cache miss)
307 http fetch GET 200 https://cdn.npmmirror.com/packages/debug/4.4.3/debug-4.4.3.tgz 669ms (cache miss)
308 http fetch GET 200 https://cdn.npmmirror.com/packages/es-define-property/1.0.1/es-define-property-1.0.1.tgz 709ms (cache miss)
309 http fetch GET 200 https://cdn.npmmirror.com/packages/get-proto/1.0.1/get-proto-1.0.1.tgz 1073ms (cache miss)
310 silly ADD node_modules/mime-db
311 silly ADD node_modules/ms
312 silly ADD node_modules/debug
313 silly ADD node_modules/agent-base
314 silly ADD node_modules/dunder-proto
315 silly ADD node_modules/math-intrinsics
316 silly ADD node_modules/has-symbols
317 silly ADD node_modules/gopd
318 silly ADD node_modules/get-proto
319 silly ADD node_modules/es-object-atoms
320 silly ADD node_modules/es-define-property
321 silly ADD node_modules/call-bind-apply-helpers
322 silly ADD node_modules/has-tostringtag
323 silly ADD node_modules/get-intrinsic
324 silly ADD node_modules/delayed-stream
325 silly ADD node_modules/mime-types
326 silly ADD node_modules/es-set-tostringtag
327 silly ADD node_modules/combined-stream
328 silly ADD node_modules/asynckit
329 silly ADD node_modules/proxy-from-env
330 silly ADD node_modules/https-proxy-agent
331 silly ADD node_modules/form-data
332 silly ADD node_modules/follow-redirects
333 silly ADD node_modules/axios
334 silly ADD node_modules/fsevents
335 silly ADD node_modules/@rollup/rollup-win32-ia32-msvc
336 silly ADD node_modules/@rollup/rollup-win32-arm64-msvc
337 silly ADD node_modules/@rollup/rollup-openharmony-arm64
338 silly ADD node_modules/@rollup/rollup-openbsd-x64
339 silly ADD node_modules/@rollup/rollup-linux-x64-musl
340 silly ADD node_modules/@rollup/rollup-linux-x64-gnu
341 silly ADD node_modules/@rollup/rollup-linux-s390x-gnu
342 silly ADD node_modules/@rollup/rollup-linux-riscv64-musl
343 silly ADD node_modules/@rollup/rollup-linux-riscv64-gnu
344 silly ADD node_modules/@rollup/rollup-linux-ppc64-musl
345 silly ADD node_modules/@rollup/rollup-linux-ppc64-gnu
346 silly ADD node_modules/@rollup/rollup-linux-loong64-musl
347 silly ADD node_modules/@rollup/rollup-linux-loong64-gnu
348 silly ADD node_modules/@rollup/rollup-linux-arm64-musl
349 silly ADD node_modules/@rollup/rollup-linux-arm64-gnu
350 silly ADD node_modules/@rollup/rollup-linux-arm-musleabihf
351 silly ADD node_modules/@rollup/rollup-linux-arm-gnueabihf
352 silly ADD node_modules/@rollup/rollup-freebsd-x64
353 silly ADD node_modules/@rollup/rollup-freebsd-arm64
354 silly ADD node_modules/@rollup/rollup-darwin-x64
355 silly ADD node_modules/@rollup/rollup-darwin-arm64
356 silly ADD node_modules/@rollup/rollup-android-arm64
357 silly ADD node_modules/@rollup/rollup-android-arm-eabi
358 silly ADD node_modules/@esbuild/win32-ia32
359 silly ADD node_modules/@esbuild/win32-arm64
360 silly ADD node_modules/@esbuild/sunos-x64
361 silly ADD node_modules/@esbuild/openbsd-x64
362 silly ADD node_modules/@esbuild/netbsd-x64
363 silly ADD node_modules/@esbuild/linux-x64
364 silly ADD node_modules/@esbuild/linux-s390x
365 silly ADD node_modules/@esbuild/linux-riscv64
366 silly ADD node_modules/@esbuild/linux-ppc64
367 silly ADD node_modules/@esbuild/linux-mips64el
368 silly ADD node_modules/@esbuild/linux-loong64
369 silly ADD node_modules/@esbuild/linux-ia32
370 silly ADD node_modules/@esbuild/linux-arm64
371 silly ADD node_modules/@esbuild/linux-arm
372 silly ADD node_modules/@esbuild/freebsd-x64
373 silly ADD node_modules/@esbuild/freebsd-arm64
374 silly ADD node_modules/@esbuild/darwin-x64
375 silly ADD node_modules/@esbuild/darwin-arm64
376 silly ADD node_modules/@esbuild/android-x64
377 silly ADD node_modules/@esbuild/android-arm64
378 silly ADD node_modules/@esbuild/android-arm
379 silly ADD node_modules/@esbuild/aix-ppc64
380 verbose cwd C:\PyTorch_Project\VisionProject\frontend
381 verbose os Windows_NT 10.0.26200
382 verbose node v24.11.0
383 verbose npm  v11.6.1
384 verbose exit 0
385 info ok
